../Core/Src/main.c:89:5:__io_putchar	16	static
../Core/Src/main.c:94:6:HAL_SPI_RxCpltCallback	16	static
../Core/Src/main.c:99:6:HAL_SPI_TxHalfCpltCallback	16	static
../Core/Src/main.c:107:6:HAL_SPI_TxCpltCallback	16	static
../Core/Src/main.c:126:5:main	16	static
../Core/Src/main.c:216:6:SystemClock_Config	88	static
../Core/Src/main.c:263:13:MX_SPI1_Init	8	static
../Core/Src/main.c:300:13:MX_USART2_UART_Init	8	static
../Core/Src/main.c:331:13:MX_DMA_Init	16	static
../Core/Src/main.c:352:13:MX_GPIO_Init	40	static
../Core/Src/main.c:398:6:Error_Handler	4	static,ignoring_inline_asm
